name,id
"Unit 1, Section A Quiz",0
"Unit 1, Section B Quiz",1
