id,name
2,Algebra 1 (Research Dev)
3,Algebra 2 (Research Dev 2)