user_uuid,course_id,role
7080c78d-298b-40ba-a68d-55d6a93b00fb,2,student
7080c78d-298b-40ba-a68d-55d6a93b00fb,2,student
7080c78d-298b-40ba-a68d-55d6a93b00fb,2,teacher
7080c78d-298b-40ba-a68d-55d6a93b00fb,2,student
c6a4a01e-b112-475f-82ff-b051ab1d44e1,2,student
