assessment_id,user_uuid,course_id,grade_percentage,time_submitted
0,7080c78d-298b-40ba-a68d-55d6a93b00fb,2,0.0,1661272078
1,7080c78d-298b-40ba-a68d-55d6a93b00fb,2,80.0,1661272186
0,7080c78d-298b-40ba-a68d-55d6a93b00fb,2,0.0,1661273642
1,7080c78d-298b-40ba-a68d-55d6a93b00fb,2,60.0,1661273664
1,7080c78d-298b-40ba-a68d-55d6a93b00fb,2,60.0,1661273350
