user_uuid,course_id,impression_id,timestamp,content_id,variant
265fcd32-9abc-4348-ad52-29995d8142c0,0,3fa85f64-5717-4562-b3fc-2c963f66afa6,0,3fa85f64-5717-4562-b3fc-2c963f66afa7,string
265fcd32-9abc-4348-ad52-29995d8142c0,0,3fa85f64-5717-4562-b3fc-2c963f66afa6,0,3fa85f64-5717-4562-b3fc-2c963f66afa7,string