user_uuid,birth_date,sex,american_indian_or_alaska_native,asian,black_or_african_american,native_hawaiian_or_other_pacific_islander,white,demographic_race_two_or_more_races,hispanic_or_latino_ethnicity
7080c78d-298b-40ba-a68d-55d6a93b00fb,2007-11-29,male,false,false,false,false,true,false,false
7080c78d-298b-40ba-a68d-55d6a93b00fb,2008-03-17,female,false,false,false,false,false,false,true
7080c78d-298b-40ba-a68d-55d6a93b00fb,2007-12-20,male,false,false,true,false,false,false,false
7080c78d-298b-40ba-a68d-55d6a93b00fb,2008-01-03,female,true,false,false,false,false,false,false
