uuid,first_name,last_name,email
66730745-7ee0-444b-904e-c137c5334aab,David,Tucci,davidtucci13431@gmail.us
546f4dbc-9488-4147-87d4-c2bae1bd8b97,Deann,James,deannjames121231@gmail.com
7080c78d-298b-40ba-a68d-55d6a93b00fb,Don,Castle,doncastle1234123@gmail.com
757555fb-3044-4164-99a9-5705d3bf4d5a,James,Stewart,jamesstewart1234121@gmail.com
c6a4a01e-b112-475f-82ff-b051ab1d44e1,Marguerite,Bell,margueritebell53245@gmail.com
d35a986b-a7ad-4c61-8e76-205eccaf9a06,Chris,Pirelli,chrispirelli13431@gmail.us